n 4
total 10
total 10
min(oc,zc) 0
total 10
min(oc,zc) 0
total 10
min(oc,zc) 1
total 9
min(oc,zc) 1
n 3
total 6
total 6
min(oc,zc) 0
total 6
min(oc,zc) 0
total 6
min(oc,zc) 0
